Analysis & Synthesis report for dsdlab4
Thu Mar 23 14:56:34 2017
Quartus II 64-Bit Version 13.0.1 Build 232 06/12/2013 Service Pack 1 SJ Web Edition


---------------------
; Table of Contents ;
---------------------
  1. Legal Notice
  2. Analysis & Synthesis Summary
  3. Analysis & Synthesis Settings
  4. Parallel Compilation
  5. Analysis & Synthesis Source Files Read
  6. Analysis & Synthesis Resource Usage Summary
  7. Analysis & Synthesis Resource Utilization by Entity
  8. General Register Statistics
  9. Parameter Settings for User Entity Instance: g58_rules:inst|g58_mod13:top_card_mod13|LPM_ADD_SUB:ADD1
 10. Parameter Settings for User Entity Instance: g58_rules:inst|g58_mod13:top_card_mod13|LPM_ADD_SUB:ADD2
 11. Parameter Settings for User Entity Instance: g58_rules:inst|g58_mod13:top_card_mod13|LPM_ADD_SUB:ADD3
 12. Parameter Settings for User Entity Instance: g58_rules:inst|g58_mod13:top_card_mod13|LPM_ADD_SUB:SUB1
 13. Parameter Settings for User Entity Instance: g58_rules:inst|g58_mod13:play_card_mod13|LPM_ADD_SUB:ADD1
 14. Parameter Settings for User Entity Instance: g58_rules:inst|g58_mod13:play_card_mod13|LPM_ADD_SUB:ADD2
 15. Parameter Settings for User Entity Instance: g58_rules:inst|g58_mod13:play_card_mod13|LPM_ADD_SUB:ADD3
 16. Parameter Settings for User Entity Instance: g58_rules:inst|g58_mod13:play_card_mod13|LPM_ADD_SUB:SUB1
 17. Elapsed Time Per Partition
 18. Analysis & Synthesis Messages



----------------
; Legal Notice ;
----------------
Copyright (C) 1991-2013 Altera Corporation
Your use of Altera Corporation's design tools, logic functions 
and other software and tools, and its AMPP partner logic 
functions, and any output files from any of the foregoing 
(including device programming or simulation files), and any 
associated documentation or information are expressly subject 
to the terms and conditions of the Altera Program License 
Subscription Agreement, Altera MegaCore Function License 
Agreement, or other applicable license agreement, including, 
without limitation, that your use is for the sole purpose of 
programming logic devices manufactured by Altera and sold by 
Altera or its authorized distributors.  Please refer to the 
applicable agreement for further details.



+--------------------------------------------------------------------------------------+
; Analysis & Synthesis Summary                                                         ;
+------------------------------------+-------------------------------------------------+
; Analysis & Synthesis Status        ; Successful - Thu Mar 23 14:56:34 2017           ;
; Quartus II 64-Bit Version          ; 13.0.1 Build 232 06/12/2013 SP 1 SJ Web Edition ;
; Revision Name                      ; dsdlab4                                         ;
; Top-level Entity Name              ; g58_rules_test                                  ;
; Family                             ; Cyclone II                                      ;
; Total logic elements               ; 32                                              ;
;     Total combinational functions  ; 32                                              ;
;     Dedicated logic registers      ; 0                                               ;
; Total registers                    ; 0                                               ;
; Total pins                         ; 13                                              ;
; Total virtual pins                 ; 0                                               ;
; Total memory bits                  ; 0                                               ;
; Embedded Multiplier 9-bit elements ; 0                                               ;
; Total PLLs                         ; 0                                               ;
+------------------------------------+-------------------------------------------------+


+----------------------------------------------------------------------------------------------------------------------+
; Analysis & Synthesis Settings                                                                                        ;
+----------------------------------------------------------------------------+--------------------+--------------------+
; Option                                                                     ; Setting            ; Default Value      ;
+----------------------------------------------------------------------------+--------------------+--------------------+
; Device                                                                     ; EP2C20F484C7       ;                    ;
; Top-level entity name                                                      ; g58_rules_test     ; dsdlab4            ;
; Family name                                                                ; Cyclone II         ; Cyclone IV GX      ;
; Use smart compilation                                                      ; Off                ; Off                ;
; Enable parallel Assembler and TimeQuest Timing Analyzer during compilation ; On                 ; On                 ;
; Enable compact report table                                                ; Off                ; Off                ;
; Restructure Multiplexers                                                   ; Auto               ; Auto               ;
; Create Debugging Nodes for IP Cores                                        ; Off                ; Off                ;
; Preserve fewer node names                                                  ; On                 ; On                 ;
; Disable OpenCore Plus hardware evaluation                                  ; Off                ; Off                ;
; Verilog Version                                                            ; Verilog_2001       ; Verilog_2001       ;
; VHDL Version                                                               ; VHDL_1993          ; VHDL_1993          ;
; State Machine Processing                                                   ; Auto               ; Auto               ;
; Safe State Machine                                                         ; Off                ; Off                ;
; Extract Verilog State Machines                                             ; On                 ; On                 ;
; Extract VHDL State Machines                                                ; On                 ; On                 ;
; Ignore Verilog initial constructs                                          ; Off                ; Off                ;
; Iteration limit for constant Verilog loops                                 ; 5000               ; 5000               ;
; Iteration limit for non-constant Verilog loops                             ; 250                ; 250                ;
; Add Pass-Through Logic to Inferred RAMs                                    ; On                 ; On                 ;
; Infer RAMs from Raw Logic                                                  ; On                 ; On                 ;
; Parallel Synthesis                                                         ; On                 ; On                 ;
; DSP Block Balancing                                                        ; Auto               ; Auto               ;
; NOT Gate Push-Back                                                         ; On                 ; On                 ;
; Power-Up Don't Care                                                        ; On                 ; On                 ;
; Remove Redundant Logic Cells                                               ; Off                ; Off                ;
; Remove Duplicate Registers                                                 ; On                 ; On                 ;
; Ignore CARRY Buffers                                                       ; Off                ; Off                ;
; Ignore CASCADE Buffers                                                     ; Off                ; Off                ;
; Ignore GLOBAL Buffers                                                      ; Off                ; Off                ;
; Ignore ROW GLOBAL Buffers                                                  ; Off                ; Off                ;
; Ignore LCELL Buffers                                                       ; Off                ; Off                ;
; Ignore SOFT Buffers                                                        ; On                 ; On                 ;
; Limit AHDL Integers to 32 Bits                                             ; Off                ; Off                ;
; Optimization Technique                                                     ; Balanced           ; Balanced           ;
; Carry Chain Length                                                         ; 70                 ; 70                 ;
; Auto Carry Chains                                                          ; On                 ; On                 ;
; Auto Open-Drain Pins                                                       ; On                 ; On                 ;
; Perform WYSIWYG Primitive Resynthesis                                      ; Off                ; Off                ;
; Auto ROM Replacement                                                       ; On                 ; On                 ;
; Auto RAM Replacement                                                       ; On                 ; On                 ;
; Auto Shift Register Replacement                                            ; Auto               ; Auto               ;
; Allow Shift Register Merging across Hierarchies                            ; Auto               ; Auto               ;
; Auto Clock Enable Replacement                                              ; On                 ; On                 ;
; Strict RAM Replacement                                                     ; Off                ; Off                ;
; Allow Synchronous Control Signals                                          ; On                 ; On                 ;
; Force Use of Synchronous Clear Signals                                     ; Off                ; Off                ;
; Auto RAM to Logic Cell Conversion                                          ; Off                ; Off                ;
; Auto Resource Sharing                                                      ; Off                ; Off                ;
; Allow Any RAM Size For Recognition                                         ; Off                ; Off                ;
; Allow Any ROM Size For Recognition                                         ; Off                ; Off                ;
; Allow Any Shift Register Size For Recognition                              ; Off                ; Off                ;
; Use LogicLock Constraints during Resource Balancing                        ; On                 ; On                 ;
; Ignore translate_off and synthesis_off directives                          ; Off                ; Off                ;
; Timing-Driven Synthesis                                                    ; Off                ; Off                ;
; Report Parameter Settings                                                  ; On                 ; On                 ;
; Report Source Assignments                                                  ; On                 ; On                 ;
; Report Connectivity Checks                                                 ; On                 ; On                 ;
; Ignore Maximum Fan-Out Assignments                                         ; Off                ; Off                ;
; Synchronization Register Chain Length                                      ; 2                  ; 2                  ;
; PowerPlay Power Optimization                                               ; Normal compilation ; Normal compilation ;
; HDL message level                                                          ; Level2             ; Level2             ;
; Suppress Register Optimization Related Messages                            ; Off                ; Off                ;
; Number of Removed Registers Reported in Synthesis Report                   ; 5000               ; 5000               ;
; Number of Swept Nodes Reported in Synthesis Report                         ; 5000               ; 5000               ;
; Number of Inverted Registers Reported in Synthesis Report                  ; 100                ; 100                ;
; Clock MUX Protection                                                       ; On                 ; On                 ;
; Auto Gated Clock Conversion                                                ; Off                ; Off                ;
; Block Design Naming                                                        ; Auto               ; Auto               ;
; SDC constraint protection                                                  ; Off                ; Off                ;
; Synthesis Effort                                                           ; Auto               ; Auto               ;
; Shift Register Replacement - Allow Asynchronous Clear Signal               ; On                 ; On                 ;
; Pre-Mapping Resynthesis Optimization                                       ; Off                ; Off                ;
; Analysis & Synthesis Message Level                                         ; Medium             ; Medium             ;
; Disable Register Merging Across Hierarchies                                ; Auto               ; Auto               ;
; Resource Aware Inference For Block RAM                                     ; On                 ; On                 ;
; Synthesis Seed                                                             ; 1                  ; 1                  ;
+----------------------------------------------------------------------------+--------------------+--------------------+


+------------------------------------------+
; Parallel Compilation                     ;
+----------------------------+-------------+
; Processors                 ; Number      ;
+----------------------------+-------------+
; Number detected on machine ; 6           ;
; Maximum allowed            ; 6           ;
;                            ;             ;
; Average used               ; 1.00        ;
; Maximum used               ; 1           ;
;                            ;             ;
; Usage by Processor         ; % Time Used ;
;     Processor 1            ; 100.0%      ;
;     Processors 2-6         ;   0.0%      ;
+----------------------------+-------------+


+------------------------------------------------------------------------------------------------------------------------------------------------------------------------+
; Analysis & Synthesis Source Files Read                                                                                                                                 ;
+----------------------------------+-----------------+------------------------------------+--------------------------------------------------------------------+---------+
; File Name with User-Entered Path ; Used in Netlist ; File Type                          ; File Name with Absolute Path                                       ; Library ;
+----------------------------------+-----------------+------------------------------------+--------------------------------------------------------------------+---------+
; g58_rules_test.bdf               ; yes             ; User Block Diagram/Schematic File  ; C:/Users/Lixuan/Desktop/dsdlab4/g58_rules_test.bdf                 ;         ;
; g58_rules.vhd                    ; yes             ; User VHDL File                     ; C:/Users/Lixuan/Desktop/dsdlab4/g58_rules.vhd                      ;         ;
; g58_mod13.vhd                    ; yes             ; User VHDL File                     ; C:/Users/Lixuan/Desktop/dsdlab4/g58_mod13.vhd                      ;         ;
; lpm_add_sub.tdf                  ; yes             ; Megafunction                       ; y:/quartus/quartus/libraries/megafunctions/lpm_add_sub.tdf         ;         ;
; addcore.inc                      ; yes             ; Megafunction                       ; y:/quartus/quartus/libraries/megafunctions/addcore.inc             ;         ;
; look_add.inc                     ; yes             ; Megafunction                       ; y:/quartus/quartus/libraries/megafunctions/look_add.inc            ;         ;
; bypassff.inc                     ; yes             ; Megafunction                       ; y:/quartus/quartus/libraries/megafunctions/bypassff.inc            ;         ;
; altshift.inc                     ; yes             ; Megafunction                       ; y:/quartus/quartus/libraries/megafunctions/altshift.inc            ;         ;
; alt_stratix_add_sub.inc          ; yes             ; Megafunction                       ; y:/quartus/quartus/libraries/megafunctions/alt_stratix_add_sub.inc ;         ;
; aglobal130.inc                   ; yes             ; Megafunction                       ; y:/quartus/quartus/libraries/megafunctions/aglobal130.inc          ;         ;
; db/add_sub_e8g.tdf               ; yes             ; Auto-Generated Megafunction        ; C:/Users/Lixuan/Desktop/dsdlab4/db/add_sub_e8g.tdf                 ;         ;
; db/add_sub_f9g.tdf               ; yes             ; Auto-Generated Megafunction        ; C:/Users/Lixuan/Desktop/dsdlab4/db/add_sub_f9g.tdf                 ;         ;
+----------------------------------+-----------------+------------------------------------+--------------------------------------------------------------------+---------+


+---------------------------------------------------------------------+
; Analysis & Synthesis Resource Usage Summary                         ;
+---------------------------------------------+-----------------------+
; Resource                                    ; Usage                 ;
+---------------------------------------------+-----------------------+
; Estimated Total logic elements              ; 32                    ;
;                                             ;                       ;
; Total combinational functions               ; 32                    ;
; Logic element usage by number of LUT inputs ;                       ;
;     -- 4 input functions                    ; 18                    ;
;     -- 3 input functions                    ; 10                    ;
;     -- <=2 input functions                  ; 4                     ;
;                                             ;                       ;
; Logic elements by mode                      ;                       ;
;     -- normal mode                          ; 26                    ;
;     -- arithmetic mode                      ; 6                     ;
;                                             ;                       ;
; Total registers                             ; 0                     ;
;     -- Dedicated logic registers            ; 0                     ;
;     -- I/O registers                        ; 0                     ;
;                                             ;                       ;
; I/O pins                                    ; 13                    ;
; Embedded Multiplier 9-bit elements          ; 0                     ;
; Maximum fan-out node                        ; play_pile_top_card[4] ;
; Maximum fan-out                             ; 7                     ;
; Total fan-out                               ; 111                   ;
; Average fan-out                             ; 2.47                  ;
+---------------------------------------------+-----------------------+


+----------------------------------------------------------------------------------------------------------------------------------------------------------------------------------------------------------------------------------------------------------------------------+
; Analysis & Synthesis Resource Utilization by Entity                                                                                                                                                                                                                        ;
+------------------------------------------+-------------------+--------------+-------------+--------------+---------+-----------+------+--------------+------------------------------------------------------------------------------------------------------+--------------+
; Compilation Hierarchy Node               ; LC Combinationals ; LC Registers ; Memory Bits ; DSP Elements ; DSP 9x9 ; DSP 18x18 ; Pins ; Virtual Pins ; Full Hierarchy Name                                                                                  ; Library Name ;
+------------------------------------------+-------------------+--------------+-------------+--------------+---------+-----------+------+--------------+------------------------------------------------------------------------------------------------------+--------------+
; |g58_rules_test                          ; 32 (0)            ; 0 (0)        ; 0           ; 0            ; 0       ; 0         ; 13   ; 0            ; |g58_rules_test                                                                                      ; work         ;
;    |g58_rules:inst|                      ; 32 (7)            ; 0 (0)        ; 0           ; 0            ; 0       ; 0         ; 0    ; 0            ; |g58_rules_test|g58_rules:inst                                                                       ; work         ;
;       |g58_mod13:play_card_mod13|        ; 12 (0)            ; 0 (0)        ; 0           ; 0            ; 0       ; 0         ; 0    ; 0            ; |g58_rules_test|g58_rules:inst|g58_mod13:play_card_mod13                                             ; work         ;
;          |lpm_add_sub:ADD1|              ; 6 (0)             ; 0 (0)        ; 0           ; 0            ; 0       ; 0         ; 0    ; 0            ; |g58_rules_test|g58_rules:inst|g58_mod13:play_card_mod13|lpm_add_sub:ADD1                            ; work         ;
;             |add_sub_e8g:auto_generated| ; 6 (6)             ; 0 (0)        ; 0           ; 0            ; 0       ; 0         ; 0    ; 0            ; |g58_rules_test|g58_rules:inst|g58_mod13:play_card_mod13|lpm_add_sub:ADD1|add_sub_e8g:auto_generated ; work         ;
;          |lpm_add_sub:ADD3|              ; 2 (0)             ; 0 (0)        ; 0           ; 0            ; 0       ; 0         ; 0    ; 0            ; |g58_rules_test|g58_rules:inst|g58_mod13:play_card_mod13|lpm_add_sub:ADD3                            ; work         ;
;             |add_sub_e8g:auto_generated| ; 2 (2)             ; 0 (0)        ; 0           ; 0            ; 0       ; 0         ; 0    ; 0            ; |g58_rules_test|g58_rules:inst|g58_mod13:play_card_mod13|lpm_add_sub:ADD3|add_sub_e8g:auto_generated ; work         ;
;          |lpm_add_sub:SUB1|              ; 4 (0)             ; 0 (0)        ; 0           ; 0            ; 0       ; 0         ; 0    ; 0            ; |g58_rules_test|g58_rules:inst|g58_mod13:play_card_mod13|lpm_add_sub:SUB1                            ; work         ;
;             |add_sub_f9g:auto_generated| ; 4 (4)             ; 0 (0)        ; 0           ; 0            ; 0       ; 0         ; 0    ; 0            ; |g58_rules_test|g58_rules:inst|g58_mod13:play_card_mod13|lpm_add_sub:SUB1|add_sub_f9g:auto_generated ; work         ;
;       |g58_mod13:top_card_mod13|         ; 13 (0)            ; 0 (0)        ; 0           ; 0            ; 0       ; 0         ; 0    ; 0            ; |g58_rules_test|g58_rules:inst|g58_mod13:top_card_mod13                                              ; work         ;
;          |lpm_add_sub:ADD1|              ; 7 (0)             ; 0 (0)        ; 0           ; 0            ; 0       ; 0         ; 0    ; 0            ; |g58_rules_test|g58_rules:inst|g58_mod13:top_card_mod13|lpm_add_sub:ADD1                             ; work         ;
;             |add_sub_e8g:auto_generated| ; 7 (7)             ; 0 (0)        ; 0           ; 0            ; 0       ; 0         ; 0    ; 0            ; |g58_rules_test|g58_rules:inst|g58_mod13:top_card_mod13|lpm_add_sub:ADD1|add_sub_e8g:auto_generated  ; work         ;
;          |lpm_add_sub:ADD3|              ; 2 (0)             ; 0 (0)        ; 0           ; 0            ; 0       ; 0         ; 0    ; 0            ; |g58_rules_test|g58_rules:inst|g58_mod13:top_card_mod13|lpm_add_sub:ADD3                             ; work         ;
;             |add_sub_e8g:auto_generated| ; 2 (2)             ; 0 (0)        ; 0           ; 0            ; 0       ; 0         ; 0    ; 0            ; |g58_rules_test|g58_rules:inst|g58_mod13:top_card_mod13|lpm_add_sub:ADD3|add_sub_e8g:auto_generated  ; work         ;
;          |lpm_add_sub:SUB1|              ; 4 (0)             ; 0 (0)        ; 0           ; 0            ; 0       ; 0         ; 0    ; 0            ; |g58_rules_test|g58_rules:inst|g58_mod13:top_card_mod13|lpm_add_sub:SUB1                             ; work         ;
;             |add_sub_f9g:auto_generated| ; 4 (4)             ; 0 (0)        ; 0           ; 0            ; 0       ; 0         ; 0    ; 0            ; |g58_rules_test|g58_rules:inst|g58_mod13:top_card_mod13|lpm_add_sub:SUB1|add_sub_f9g:auto_generated  ; work         ;
+------------------------------------------+-------------------+--------------+-------------+--------------+---------+-----------+------+--------------+------------------------------------------------------------------------------------------------------+--------------+
Note: For table entries with two numbers listed, the numbers in parentheses indicate the number of resources of the given type used by the specific entity alone. The numbers listed outside of parentheses indicate the total resources of the given type used by the specific entity and all of its sub-entities in the hierarchy.


+------------------------------------------------------+
; General Register Statistics                          ;
+----------------------------------------------+-------+
; Statistic                                    ; Value ;
+----------------------------------------------+-------+
; Total registers                              ; 0     ;
; Number of registers using Synchronous Clear  ; 0     ;
; Number of registers using Synchronous Load   ; 0     ;
; Number of registers using Asynchronous Clear ; 0     ;
; Number of registers using Asynchronous Load  ; 0     ;
; Number of registers using Clock Enable       ; 0     ;
; Number of registers using Preset             ; 0     ;
+----------------------------------------------+-------+


+-------------------------------------------------------------------------------------------------------+
; Parameter Settings for User Entity Instance: g58_rules:inst|g58_mod13:top_card_mod13|LPM_ADD_SUB:ADD1 ;
+------------------------+-------------+----------------------------------------------------------------+
; Parameter Name         ; Value       ; Type                                                           ;
+------------------------+-------------+----------------------------------------------------------------+
; LPM_WIDTH              ; 32          ; Signed Integer                                                 ;
; LPM_REPRESENTATION     ; SIGNED      ; Untyped                                                        ;
; LPM_DIRECTION          ; ADD         ; Untyped                                                        ;
; ONE_INPUT_IS_CONSTANT  ; NO          ; Untyped                                                        ;
; LPM_PIPELINE           ; 0           ; Signed Integer                                                 ;
; MAXIMIZE_SPEED         ; 5           ; Untyped                                                        ;
; REGISTERED_AT_END      ; 0           ; Untyped                                                        ;
; OPTIMIZE_FOR_SPEED     ; 5           ; Untyped                                                        ;
; USE_CS_BUFFERS         ; 1           ; Untyped                                                        ;
; CARRY_CHAIN            ; MANUAL      ; Untyped                                                        ;
; CARRY_CHAIN_LENGTH     ; 48          ; CARRY_CHAIN_LENGTH                                             ;
; DEVICE_FAMILY          ; Cyclone II  ; Untyped                                                        ;
; USE_WYS                ; OFF         ; Untyped                                                        ;
; STYLE                  ; FAST        ; Untyped                                                        ;
; CBXI_PARAMETER         ; add_sub_e8g ; Untyped                                                        ;
; AUTO_CARRY_CHAINS      ; ON          ; AUTO_CARRY                                                     ;
; IGNORE_CARRY_BUFFERS   ; OFF         ; IGNORE_CARRY                                                   ;
; AUTO_CASCADE_CHAINS    ; ON          ; AUTO_CASCADE                                                   ;
; IGNORE_CASCADE_BUFFERS ; OFF         ; IGNORE_CASCADE                                                 ;
+------------------------+-------------+----------------------------------------------------------------+
Note: In order to hide this table in the UI and the text report file, please set the "Show Parameter Settings in Synthesis Report" option in "Analysis and Synthesis Settings -> More Settings" to "Off".


+-------------------------------------------------------------------------------------------------------+
; Parameter Settings for User Entity Instance: g58_rules:inst|g58_mod13:top_card_mod13|LPM_ADD_SUB:ADD2 ;
+------------------------+-------------+----------------------------------------------------------------+
; Parameter Name         ; Value       ; Type                                                           ;
+------------------------+-------------+----------------------------------------------------------------+
; LPM_WIDTH              ; 32          ; Signed Integer                                                 ;
; LPM_REPRESENTATION     ; SIGNED      ; Untyped                                                        ;
; LPM_DIRECTION          ; ADD         ; Untyped                                                        ;
; ONE_INPUT_IS_CONSTANT  ; NO          ; Untyped                                                        ;
; LPM_PIPELINE           ; 0           ; Signed Integer                                                 ;
; MAXIMIZE_SPEED         ; 5           ; Untyped                                                        ;
; REGISTERED_AT_END      ; 0           ; Untyped                                                        ;
; OPTIMIZE_FOR_SPEED     ; 5           ; Untyped                                                        ;
; USE_CS_BUFFERS         ; 1           ; Untyped                                                        ;
; CARRY_CHAIN            ; MANUAL      ; Untyped                                                        ;
; CARRY_CHAIN_LENGTH     ; 48          ; CARRY_CHAIN_LENGTH                                             ;
; DEVICE_FAMILY          ; Cyclone II  ; Untyped                                                        ;
; USE_WYS                ; OFF         ; Untyped                                                        ;
; STYLE                  ; FAST        ; Untyped                                                        ;
; CBXI_PARAMETER         ; add_sub_e8g ; Untyped                                                        ;
; AUTO_CARRY_CHAINS      ; ON          ; AUTO_CARRY                                                     ;
; IGNORE_CARRY_BUFFERS   ; OFF         ; IGNORE_CARRY                                                   ;
; AUTO_CASCADE_CHAINS    ; ON          ; AUTO_CASCADE                                                   ;
; IGNORE_CASCADE_BUFFERS ; OFF         ; IGNORE_CASCADE                                                 ;
+------------------------+-------------+----------------------------------------------------------------+
Note: In order to hide this table in the UI and the text report file, please set the "Show Parameter Settings in Synthesis Report" option in "Analysis and Synthesis Settings -> More Settings" to "Off".


+-------------------------------------------------------------------------------------------------------+
; Parameter Settings for User Entity Instance: g58_rules:inst|g58_mod13:top_card_mod13|LPM_ADD_SUB:ADD3 ;
+------------------------+-------------+----------------------------------------------------------------+
; Parameter Name         ; Value       ; Type                                                           ;
+------------------------+-------------+----------------------------------------------------------------+
; LPM_WIDTH              ; 32          ; Signed Integer                                                 ;
; LPM_REPRESENTATION     ; SIGNED      ; Untyped                                                        ;
; LPM_DIRECTION          ; ADD         ; Untyped                                                        ;
; ONE_INPUT_IS_CONSTANT  ; NO          ; Untyped                                                        ;
; LPM_PIPELINE           ; 0           ; Signed Integer                                                 ;
; MAXIMIZE_SPEED         ; 5           ; Untyped                                                        ;
; REGISTERED_AT_END      ; 0           ; Untyped                                                        ;
; OPTIMIZE_FOR_SPEED     ; 5           ; Untyped                                                        ;
; USE_CS_BUFFERS         ; 1           ; Untyped                                                        ;
; CARRY_CHAIN            ; MANUAL      ; Untyped                                                        ;
; CARRY_CHAIN_LENGTH     ; 48          ; CARRY_CHAIN_LENGTH                                             ;
; DEVICE_FAMILY          ; Cyclone II  ; Untyped                                                        ;
; USE_WYS                ; OFF         ; Untyped                                                        ;
; STYLE                  ; FAST        ; Untyped                                                        ;
; CBXI_PARAMETER         ; add_sub_e8g ; Untyped                                                        ;
; AUTO_CARRY_CHAINS      ; ON          ; AUTO_CARRY                                                     ;
; IGNORE_CARRY_BUFFERS   ; OFF         ; IGNORE_CARRY                                                   ;
; AUTO_CASCADE_CHAINS    ; ON          ; AUTO_CASCADE                                                   ;
; IGNORE_CASCADE_BUFFERS ; OFF         ; IGNORE_CASCADE                                                 ;
+------------------------+-------------+----------------------------------------------------------------+
Note: In order to hide this table in the UI and the text report file, please set the "Show Parameter Settings in Synthesis Report" option in "Analysis and Synthesis Settings -> More Settings" to "Off".


+-------------------------------------------------------------------------------------------------------+
; Parameter Settings for User Entity Instance: g58_rules:inst|g58_mod13:top_card_mod13|LPM_ADD_SUB:SUB1 ;
+------------------------+-------------+----------------------------------------------------------------+
; Parameter Name         ; Value       ; Type                                                           ;
+------------------------+-------------+----------------------------------------------------------------+
; LPM_WIDTH              ; 32          ; Signed Integer                                                 ;
; LPM_REPRESENTATION     ; SIGNED      ; Untyped                                                        ;
; LPM_DIRECTION          ; SUB         ; Untyped                                                        ;
; ONE_INPUT_IS_CONSTANT  ; NO          ; Untyped                                                        ;
; LPM_PIPELINE           ; 0           ; Signed Integer                                                 ;
; MAXIMIZE_SPEED         ; 5           ; Untyped                                                        ;
; REGISTERED_AT_END      ; 0           ; Untyped                                                        ;
; OPTIMIZE_FOR_SPEED     ; 5           ; Untyped                                                        ;
; USE_CS_BUFFERS         ; 1           ; Untyped                                                        ;
; CARRY_CHAIN            ; MANUAL      ; Untyped                                                        ;
; CARRY_CHAIN_LENGTH     ; 48          ; CARRY_CHAIN_LENGTH                                             ;
; DEVICE_FAMILY          ; Cyclone II  ; Untyped                                                        ;
; USE_WYS                ; OFF         ; Untyped                                                        ;
; STYLE                  ; FAST        ; Untyped                                                        ;
; CBXI_PARAMETER         ; add_sub_f9g ; Untyped                                                        ;
; AUTO_CARRY_CHAINS      ; ON          ; AUTO_CARRY                                                     ;
; IGNORE_CARRY_BUFFERS   ; OFF         ; IGNORE_CARRY                                                   ;
; AUTO_CASCADE_CHAINS    ; ON          ; AUTO_CASCADE                                                   ;
; IGNORE_CASCADE_BUFFERS ; OFF         ; IGNORE_CASCADE                                                 ;
+------------------------+-------------+----------------------------------------------------------------+
Note: In order to hide this table in the UI and the text report file, please set the "Show Parameter Settings in Synthesis Report" option in "Analysis and Synthesis Settings -> More Settings" to "Off".


+--------------------------------------------------------------------------------------------------------+
; Parameter Settings for User Entity Instance: g58_rules:inst|g58_mod13:play_card_mod13|LPM_ADD_SUB:ADD1 ;
+------------------------+-------------+-----------------------------------------------------------------+
; Parameter Name         ; Value       ; Type                                                            ;
+------------------------+-------------+-----------------------------------------------------------------+
; LPM_WIDTH              ; 32          ; Signed Integer                                                  ;
; LPM_REPRESENTATION     ; SIGNED      ; Untyped                                                         ;
; LPM_DIRECTION          ; ADD         ; Untyped                                                         ;
; ONE_INPUT_IS_CONSTANT  ; NO          ; Untyped                                                         ;
; LPM_PIPELINE           ; 0           ; Signed Integer                                                  ;
; MAXIMIZE_SPEED         ; 5           ; Untyped                                                         ;
; REGISTERED_AT_END      ; 0           ; Untyped                                                         ;
; OPTIMIZE_FOR_SPEED     ; 5           ; Untyped                                                         ;
; USE_CS_BUFFERS         ; 1           ; Untyped                                                         ;
; CARRY_CHAIN            ; MANUAL      ; Untyped                                                         ;
; CARRY_CHAIN_LENGTH     ; 48          ; CARRY_CHAIN_LENGTH                                              ;
; DEVICE_FAMILY          ; Cyclone II  ; Untyped                                                         ;
; USE_WYS                ; OFF         ; Untyped                                                         ;
; STYLE                  ; FAST        ; Untyped                                                         ;
; CBXI_PARAMETER         ; add_sub_e8g ; Untyped                                                         ;
; AUTO_CARRY_CHAINS      ; ON          ; AUTO_CARRY                                                      ;
; IGNORE_CARRY_BUFFERS   ; OFF         ; IGNORE_CARRY                                                    ;
; AUTO_CASCADE_CHAINS    ; ON          ; AUTO_CASCADE                                                    ;
; IGNORE_CASCADE_BUFFERS ; OFF         ; IGNORE_CASCADE                                                  ;
+------------------------+-------------+-----------------------------------------------------------------+
Note: In order to hide this table in the UI and the text report file, please set the "Show Parameter Settings in Synthesis Report" option in "Analysis and Synthesis Settings -> More Settings" to "Off".


+--------------------------------------------------------------------------------------------------------+
; Parameter Settings for User Entity Instance: g58_rules:inst|g58_mod13:play_card_mod13|LPM_ADD_SUB:ADD2 ;
+------------------------+-------------+-----------------------------------------------------------------+
; Parameter Name         ; Value       ; Type                                                            ;
+------------------------+-------------+-----------------------------------------------------------------+
; LPM_WIDTH              ; 32          ; Signed Integer                                                  ;
; LPM_REPRESENTATION     ; SIGNED      ; Untyped                                                         ;
; LPM_DIRECTION          ; ADD         ; Untyped                                                         ;
; ONE_INPUT_IS_CONSTANT  ; NO          ; Untyped                                                         ;
; LPM_PIPELINE           ; 0           ; Signed Integer                                                  ;
; MAXIMIZE_SPEED         ; 5           ; Untyped                                                         ;
; REGISTERED_AT_END      ; 0           ; Untyped                                                         ;
; OPTIMIZE_FOR_SPEED     ; 5           ; Untyped                                                         ;
; USE_CS_BUFFERS         ; 1           ; Untyped                                                         ;
; CARRY_CHAIN            ; MANUAL      ; Untyped                                                         ;
; CARRY_CHAIN_LENGTH     ; 48          ; CARRY_CHAIN_LENGTH                                              ;
; DEVICE_FAMILY          ; Cyclone II  ; Untyped                                                         ;
; USE_WYS                ; OFF         ; Untyped                                                         ;
; STYLE                  ; FAST        ; Untyped                                                         ;
; CBXI_PARAMETER         ; add_sub_e8g ; Untyped                                                         ;
; AUTO_CARRY_CHAINS      ; ON          ; AUTO_CARRY                                                      ;
; IGNORE_CARRY_BUFFERS   ; OFF         ; IGNORE_CARRY                                                    ;
; AUTO_CASCADE_CHAINS    ; ON          ; AUTO_CASCADE                                                    ;
; IGNORE_CASCADE_BUFFERS ; OFF         ; IGNORE_CASCADE                                                  ;
+------------------------+-------------+-----------------------------------------------------------------+
Note: In order to hide this table in the UI and the text report file, please set the "Show Parameter Settings in Synthesis Report" option in "Analysis and Synthesis Settings -> More Settings" to "Off".


+--------------------------------------------------------------------------------------------------------+
; Parameter Settings for User Entity Instance: g58_rules:inst|g58_mod13:play_card_mod13|LPM_ADD_SUB:ADD3 ;
+------------------------+-------------+-----------------------------------------------------------------+
; Parameter Name         ; Value       ; Type                                                            ;
+------------------------+-------------+-----------------------------------------------------------------+
; LPM_WIDTH              ; 32          ; Signed Integer                                                  ;
; LPM_REPRESENTATION     ; SIGNED      ; Untyped                                                         ;
; LPM_DIRECTION          ; ADD         ; Untyped                                                         ;
; ONE_INPUT_IS_CONSTANT  ; NO          ; Untyped                                                         ;
; LPM_PIPELINE           ; 0           ; Signed Integer                                                  ;
; MAXIMIZE_SPEED         ; 5           ; Untyped                                                         ;
; REGISTERED_AT_END      ; 0           ; Untyped                                                         ;
; OPTIMIZE_FOR_SPEED     ; 5           ; Untyped                                                         ;
; USE_CS_BUFFERS         ; 1           ; Untyped                                                         ;
; CARRY_CHAIN            ; MANUAL      ; Untyped                                                         ;
; CARRY_CHAIN_LENGTH     ; 48          ; CARRY_CHAIN_LENGTH                                              ;
; DEVICE_FAMILY          ; Cyclone II  ; Untyped                                                         ;
; USE_WYS                ; OFF         ; Untyped                                                         ;
; STYLE                  ; FAST        ; Untyped                                                         ;
; CBXI_PARAMETER         ; add_sub_e8g ; Untyped                                                         ;
; AUTO_CARRY_CHAINS      ; ON          ; AUTO_CARRY                                                      ;
; IGNORE_CARRY_BUFFERS   ; OFF         ; IGNORE_CARRY                                                    ;
; AUTO_CASCADE_CHAINS    ; ON          ; AUTO_CASCADE                                                    ;
; IGNORE_CASCADE_BUFFERS ; OFF         ; IGNORE_CASCADE                                                  ;
+------------------------+-------------+-----------------------------------------------------------------+
Note: In order to hide this table in the UI and the text report file, please set the "Show Parameter Settings in Synthesis Report" option in "Analysis and Synthesis Settings -> More Settings" to "Off".


+--------------------------------------------------------------------------------------------------------+
; Parameter Settings for User Entity Instance: g58_rules:inst|g58_mod13:play_card_mod13|LPM_ADD_SUB:SUB1 ;
+------------------------+-------------+-----------------------------------------------------------------+
; Parameter Name         ; Value       ; Type                                                            ;
+------------------------+-------------+-----------------------------------------------------------------+
; LPM_WIDTH              ; 32          ; Signed Integer                                                  ;
; LPM_REPRESENTATION     ; SIGNED      ; Untyped                                                         ;
; LPM_DIRECTION          ; SUB         ; Untyped                                                         ;
; ONE_INPUT_IS_CONSTANT  ; NO          ; Untyped                                                         ;
; LPM_PIPELINE           ; 0           ; Signed Integer                                                  ;
; MAXIMIZE_SPEED         ; 5           ; Untyped                                                         ;
; REGISTERED_AT_END      ; 0           ; Untyped                                                         ;
; OPTIMIZE_FOR_SPEED     ; 5           ; Untyped                                                         ;
; USE_CS_BUFFERS         ; 1           ; Untyped                                                         ;
; CARRY_CHAIN            ; MANUAL      ; Untyped                                                         ;
; CARRY_CHAIN_LENGTH     ; 48          ; CARRY_CHAIN_LENGTH                                              ;
; DEVICE_FAMILY          ; Cyclone II  ; Untyped                                                         ;
; USE_WYS                ; OFF         ; Untyped                                                         ;
; STYLE                  ; FAST        ; Untyped                                                         ;
; CBXI_PARAMETER         ; add_sub_f9g ; Untyped                                                         ;
; AUTO_CARRY_CHAINS      ; ON          ; AUTO_CARRY                                                      ;
; IGNORE_CARRY_BUFFERS   ; OFF         ; IGNORE_CARRY                                                    ;
; AUTO_CASCADE_CHAINS    ; ON          ; AUTO_CASCADE                                                    ;
; IGNORE_CASCADE_BUFFERS ; OFF         ; IGNORE_CASCADE                                                  ;
+------------------------+-------------+-----------------------------------------------------------------+
Note: In order to hide this table in the UI and the text report file, please set the "Show Parameter Settings in Synthesis Report" option in "Analysis and Synthesis Settings -> More Settings" to "Off".


+-------------------------------+
; Elapsed Time Per Partition    ;
+----------------+--------------+
; Partition Name ; Elapsed Time ;
+----------------+--------------+
; Top            ; 00:00:00     ;
+----------------+--------------+


+-------------------------------+
; Analysis & Synthesis Messages ;
+-------------------------------+
Info: *******************************************************************
Info: Running Quartus II 64-Bit Analysis & Synthesis
    Info: Version 13.0.1 Build 232 06/12/2013 Service Pack 1 SJ Web Edition
    Info: Processing started: Thu Mar 23 14:56:32 2017
Info: Command: quartus_map --read_settings_files=on --write_settings_files=off dsdlab4 -c dsdlab4
Info (20030): Parallel compilation is enabled and will use 6 of the 6 processors detected
Info (12021): Found 1 design units, including 1 entities, in source file g58_rules_test.bdf
    Info (12023): Found entity 1: g58_rules_test
Info (12021): Found 2 design units, including 1 entities, in source file g58_rules.vhd
    Info (12022): Found design unit 1: g58_rules-g58_rules_arch
    Info (12023): Found entity 1: g58_rules
Info (12021): Found 2 design units, including 1 entities, in source file g58_mod13.vhd
    Info (12022): Found design unit 1: g58_mod13-g58_mod13_arch
    Info (12023): Found entity 1: g58_mod13
Info (12127): Elaborating entity "g58_rules_test" for the top level hierarchy
Info (12128): Elaborating entity "g58_rules" for hierarchy "g58_rules:inst"
Info (12128): Elaborating entity "g58_mod13" for hierarchy "g58_rules:inst|g58_mod13:top_card_mod13"
Info (12128): Elaborating entity "LPM_ADD_SUB" for hierarchy "g58_rules:inst|g58_mod13:top_card_mod13|LPM_ADD_SUB:ADD1"
Info (12130): Elaborated megafunction instantiation "g58_rules:inst|g58_mod13:top_card_mod13|LPM_ADD_SUB:ADD1"
Info (12133): Instantiated megafunction "g58_rules:inst|g58_mod13:top_card_mod13|LPM_ADD_SUB:ADD1" with the following parameter:
    Info (12134): Parameter "LPM_WIDTH" = "32"
    Info (12134): Parameter "LPM_DIRECTION" = "ADD"
    Info (12134): Parameter "LPM_REPRESENTATION" = "SIGNED"
    Info (12134): Parameter "LPM_PIPELINE" = "0"
    Info (12134): Parameter "LPM_TYPE" = "LPM_ADD_SUB"
    Info (12134): Parameter "LPM_HINT" = "UNUSED"
Info (12021): Found 1 design units, including 1 entities, in source file db/add_sub_e8g.tdf
    Info (12023): Found entity 1: add_sub_e8g
Info (12128): Elaborating entity "add_sub_e8g" for hierarchy "g58_rules:inst|g58_mod13:top_card_mod13|LPM_ADD_SUB:ADD1|add_sub_e8g:auto_generated"
Info (12128): Elaborating entity "LPM_ADD_SUB" for hierarchy "g58_rules:inst|g58_mod13:top_card_mod13|LPM_ADD_SUB:ADD2"
Info (12130): Elaborated megafunction instantiation "g58_rules:inst|g58_mod13:top_card_mod13|LPM_ADD_SUB:ADD2"
Info (12133): Instantiated megafunction "g58_rules:inst|g58_mod13:top_card_mod13|LPM_ADD_SUB:ADD2" with the following parameter:
    Info (12134): Parameter "LPM_WIDTH" = "32"
    Info (12134): Parameter "LPM_DIRECTION" = "ADD"
    Info (12134): Parameter "LPM_REPRESENTATION" = "SIGNED"
    Info (12134): Parameter "LPM_PIPELINE" = "0"
    Info (12134): Parameter "LPM_TYPE" = "LPM_ADD_SUB"
    Info (12134): Parameter "LPM_HINT" = "UNUSED"
Info (12128): Elaborating entity "LPM_ADD_SUB" for hierarchy "g58_rules:inst|g58_mod13:top_card_mod13|LPM_ADD_SUB:ADD3"
Info (12130): Elaborated megafunction instantiation "g58_rules:inst|g58_mod13:top_card_mod13|LPM_ADD_SUB:ADD3"
Info (12133): Instantiated megafunction "g58_rules:inst|g58_mod13:top_card_mod13|LPM_ADD_SUB:ADD3" with the following parameter:
    Info (12134): Parameter "LPM_WIDTH" = "32"
    Info (12134): Parameter "LPM_DIRECTION" = "ADD"
    Info (12134): Parameter "LPM_REPRESENTATION" = "SIGNED"
    Info (12134): Parameter "LPM_PIPELINE" = "0"
    Info (12134): Parameter "LPM_TYPE" = "LPM_ADD_SUB"
    Info (12134): Parameter "LPM_HINT" = "UNUSED"
Info (12128): Elaborating entity "LPM_ADD_SUB" for hierarchy "g58_rules:inst|g58_mod13:top_card_mod13|LPM_ADD_SUB:SUB1"
Info (12130): Elaborated megafunction instantiation "g58_rules:inst|g58_mod13:top_card_mod13|LPM_ADD_SUB:SUB1"
Info (12133): Instantiated megafunction "g58_rules:inst|g58_mod13:top_card_mod13|LPM_ADD_SUB:SUB1" with the following parameter:
    Info (12134): Parameter "LPM_WIDTH" = "32"
    Info (12134): Parameter "LPM_DIRECTION" = "SUB"
    Info (12134): Parameter "LPM_REPRESENTATION" = "SIGNED"
    Info (12134): Parameter "LPM_PIPELINE" = "0"
    Info (12134): Parameter "LPM_TYPE" = "LPM_ADD_SUB"
    Info (12134): Parameter "LPM_HINT" = "UNUSED"
Info (12021): Found 1 design units, including 1 entities, in source file db/add_sub_f9g.tdf
    Info (12023): Found entity 1: add_sub_f9g
Info (12128): Elaborating entity "add_sub_f9g" for hierarchy "g58_rules:inst|g58_mod13:top_card_mod13|LPM_ADD_SUB:SUB1|add_sub_f9g:auto_generated"
Info (16010): Generating hard_block partition "hard_block:auto_generated_inst"
    Info (16011): Adding 0 node(s), including 0 DDIO, 0 PLL, 0 transceiver and 0 LCELL
Info (21057): Implemented 45 device resources after synthesis - the final resource count might be different
    Info (21058): Implemented 12 input pins
    Info (21059): Implemented 1 output pins
    Info (21061): Implemented 32 logic cells
Info: Quartus II 64-Bit Analysis & Synthesis was successful. 0 errors, 0 warnings
    Info: Peak virtual memory: 499 megabytes
    Info: Processing ended: Thu Mar 23 14:56:34 2017
    Info: Elapsed time: 00:00:02
    Info: Total CPU time (on all processors): 00:00:02


